TAP version 13
# {"combatSoak":"warden","completed":true,"floor":12,"seconds":842,"deaths":0,"level":22,"kills":636,"depthTimes":[{"floor":1,"seconds":53,"deaths":0},{"floor":2,"seconds":97,"deaths":0},{"floor":3,"seconds":138,"deaths":0},{"floor":4,"seconds":201,"deaths":0},{"floor":5,"seconds":271,"deaths":0},{"floor":6,"seconds":359,"deaths":0},{"floor":7,"seconds":446,"deaths":0},{"floor":8,"seconds":511,"deaths":0},{"floor":9,"seconds":580,"deaths":0},{"floor":10,"seconds":693,"deaths":0},{"floor":11,"seconds":760,"deaths":0}]}
# {"combatSoak":"ranger","completed":true,"floor":12,"seconds":683,"deaths":0,"level":22,"kills":631,"depthTimes":[{"floor":1,"seconds":27,"deaths":0},{"floor":2,"seconds":95,"deaths":0},{"floor":3,"seconds":130,"deaths":0},{"floor":4,"seconds":173,"deaths":0},{"floor":5,"seconds":247,"deaths":0},{"floor":6,"seconds":291,"deaths":0},{"floor":7,"seconds":327,"deaths":0},{"floor":8,"seconds":392,"deaths":0},{"floor":9,"seconds":432,"deaths":0},{"floor":10,"seconds":520,"deaths":0},{"floor":11,"seconds":589,"deaths":0}]}
# {"combatSoak":"arcanist","completed":true,"floor":12,"seconds":1022,"deaths":0,"level":22,"kills":634,"depthTimes":[{"floor":1,"seconds":55,"deaths":0},{"floor":2,"seconds":117,"deaths":0},{"floor":3,"seconds":186,"deaths":0},{"floor":4,"seconds":299,"deaths":0},{"floor":5,"seconds":362,"deaths":0},{"floor":6,"seconds":434,"deaths":0},{"floor":7,"seconds":511,"deaths":0},{"floor":8,"seconds":592,"deaths":0},{"floor":9,"seconds":687,"deaths":0},{"floor":10,"seconds":818,"deaths":0},{"floor":11,"seconds":908,"deaths":0}]}
# {"combatSoak":"reaver","completed":true,"floor":12,"seconds":829,"deaths":0,"level":22,"kills":633,"depthTimes":[{"floor":1,"seconds":30,"deaths":0},{"floor":2,"seconds":110,"deaths":0},{"floor":3,"seconds":140,"deaths":0},{"floor":4,"seconds":241,"deaths":0},{"floor":5,"seconds":301,"deaths":0},{"floor":6,"seconds":365,"deaths":0},{"floor":7,"seconds":416,"deaths":0},{"floor":8,"seconds":510,"deaths":0},{"floor":9,"seconds":587,"deaths":0},{"floor":10,"seconds":667,"deaths":0},{"floor":11,"seconds":730,"deaths":0}]}
# {"combatSoak":"oracle","completed":true,"floor":12,"seconds":1144,"deaths":0,"level":22,"kills":633,"depthTimes":[{"floor":1,"seconds":68,"deaths":0},{"floor":2,"seconds":166,"deaths":0},{"floor":3,"seconds":255,"deaths":0},{"floor":4,"seconds":339,"deaths":0},{"floor":5,"seconds":428,"deaths":0},{"floor":6,"seconds":511,"deaths":0},{"floor":7,"seconds":578,"deaths":0},{"floor":8,"seconds":673,"deaths":0},{"floor":9,"seconds":742,"deaths":0},{"floor":10,"seconds":870,"deaths":0},{"floor":11,"seconds":985,"deaths":0}]}
# Subtest: combat soak: warden campaign
ok 1 - combat soak: warden campaign
  ---
  duration_ms: 304.544985
  type: 'test'
  ...
# Subtest: combat soak: ranger campaign
ok 2 - combat soak: ranger campaign
  ---
  duration_ms: 213.669536
  type: 'test'
  ...
# Subtest: combat soak: arcanist campaign
ok 3 - combat soak: arcanist campaign
  ---
  duration_ms: 276.823093
  type: 'test'
  ...
# Subtest: combat soak: reaver campaign
ok 4 - combat soak: reaver campaign
  ---
  duration_ms: 228.537565
  type: 'test'
  ...
# Subtest: combat soak: oracle campaign
ok 5 - combat soak: oracle campaign
  ---
  duration_ms: 315.089352
  type: 'test'
  ...
1..5
# tests 5
# suites 0
# pass 5
# fail 0
# cancelled 0
# skipped 0
# todo 0
# duration_ms 1379.082082
